using System;
using System.Collections.Generic;
using Microsoft.Data.Entity;
using Microsoft.Data.Entity.Metadata;

namespace E2ETest.Namespace.SubDir
{
    public class ReferredToByTableWithUnmappablePrimaryKeyColumn
    {
        public int ReferredToByTableWithUnmappablePrimaryKeyColumnID { get; set; }
        public string AColumn { get; set; }
        public int ValueGeneratedOnAddColumn { get; set; }
    }
}
